[Stage 1] Loading HMM parameters from: F:\WSN\matlab\stage2\final_repo\outputs\stage1_params.mat
  Transition matrix A: (8, 8)
  State means: [-0.045 -0.01   0.015 -0.02   0.     0.02  -0.01   0.04 ]
  State variances: [0.0001   0.000225 0.000625 0.000324 0.0001   0.000324 0.0004   0.000144]
trial=01 seed=1000 T_FND=1143.0 T_HND=1510.0 rounds=1623.0
trial=02 seed=1001 T_FND=1103.0 T_HND=1489.0 rounds=1583.0
trial=03 seed=1002 T_FND=1050.0 T_HND=1480.0 rounds=1589.0
trial=04 seed=1003 T_FND=1041.0 T_HND=1466.0 rounds=1559.0
trial=05 seed=1004 T_FND=1106.0 T_HND=1545.0 rounds=1628.0
trial=06 seed=1005 T_FND=1082.0 T_HND=1506.0 rounds=1599.0
trial=07 seed=1006 T_FND=1093.0 T_HND=1481.0 rounds=1607.0
trial=08 seed=1007 T_FND=1081.0 T_HND=1540.0 rounds=1648.0
trial=09 seed=1008 T_FND=1038.0 T_HND=1502.0 rounds=1612.0
trial=10 seed=1009 T_FND=1085.0 T_HND=1478.0 rounds=1576.0
trial=11 seed=1010 T_FND=1152.0 T_HND=1543.0 rounds=1634.0
trial=12 seed=1011 T_FND=1121.0 T_HND=1485.0 rounds=1602.0
trial=13 seed=1012 T_FND=1180.0 T_HND=1486.0 rounds=1598.0
trial=14 seed=1013 T_FND=1120.0 T_HND=1540.0 rounds=1624.0
trial=15 seed=1014 T_FND=1012.0 T_HND=1499.0 rounds=1594.0
trial=16 seed=1015 T_FND=1081.0 T_HND=1511.0 rounds=1588.0
trial=17 seed=1016 T_FND=1126.0 T_HND=1506.0 rounds=1625.0
trial=18 seed=1017 T_FND=1041.0 T_HND=1489.0 rounds=1565.0
trial=19 seed=1018 T_FND=1139.0 T_HND=1519.0 rounds=1608.0
trial=20 seed=1019 T_FND=1170.0 T_HND=1484.0 rounds=1597.0
trial=21 seed=1020 T_FND=1143.0 T_HND=1534.0 rounds=1641.0
trial=22 seed=1021 T_FND=1079.0 T_HND=1515.0 rounds=1627.0
trial=23 seed=1022 T_FND=1132.0 T_HND=1499.0 rounds=1593.0
trial=24 seed=1023 T_FND=1079.0 T_HND=1478.0 rounds=1573.0
trial=25 seed=1024 T_FND=1144.0 T_HND=1524.0 rounds=1632.0
trial=26 seed=1025 T_FND=1097.0 T_HND=1457.0 rounds=1550.0
trial=27 seed=1026 T_FND=1033.0 T_HND=1521.0 rounds=1644.0
trial=28 seed=1027 T_FND=1162.0 T_HND=1501.0 rounds=1599.0
trial=29 seed=1028 T_FND=1132.0 T_HND=1537.0 rounds=1605.0
trial=30 seed=1029 T_FND=1053.0 T_HND=1458.0 rounds=1532.0
base_config_sha256=395746bd4a7512ca3de50322cbea7376d84194e60b5e0567a968d30218797f0f
upstream_git_commit=d96abce25237feb2b6d6c660f6b4d605feb94330
solar_A=[[0.44444444 0.11111111 0.11111111 0.11111111 0.11111111 0.11111111
  0.         0.        ]
 [0.11111111 0.44444444 0.11111111 0.11111111 0.11111111 0.11111111
  0.         0.        ]
 [0.11111111 0.11111111 0.44444444 0.11111111 0.11111111 0.11111111
  0.         0.        ]
 [0.09090909 0.09090909 0.09090909 0.36363636 0.09090909 0.09090909
  0.09090909 0.09090909]
 [0.07692308 0.07692308 0.07692308 0.07692308 0.46153846 0.07692308
  0.07692308 0.07692308]
 [0.09090909 0.09090909 0.09090909 0.09090909 0.09090909 0.36363636
  0.09090909 0.09090909]
 [0.         0.         0.         0.125      0.125      0.125
  0.5        0.125     ]
 [0.         0.         0.         0.10526316 0.10526316 0.10526316
  0.10526316 0.57894737]]
solar_mu=[[-0.045 -0.01   0.015 -0.02   0.     0.02  -0.01   0.04 ]]
solar_sigma2=[[0.0001   0.000225 0.000625 0.000324 0.0001   0.000324 0.0004   0.000144]]
report=F:\WSN\matlab\stage2\hta-mac\outputs\logs\phase0_gate_20260727T210959Z.json
PHASE_0_GATE=FAIL
FAIL: trained thermal HMM artifact missing; upstream synthesizes thermal parameters
FAIL: fresh checkpoint T_FND does not reproduce the locked reference under the preregistered combined-standard-error criterion
